------------------------------------------------------------
TimeQuest Timing Analyzer Summary
------------------------------------------------------------

Type  : Slow Model Setup 'clkgencore|altpll_component|pll|clk[1]'
Slack : -6.583
TNS   : -926.908

Type  : Slow Model Setup 'ts7300_usercore:usercore|pwm:PWM_3|slow_clk'
Slack : -5.336
TNS   : -31.968

Type  : Slow Model Setup 'ts7300_usercore:usercore|pwm:PWM_1|slow_clk'
Slack : -5.289
TNS   : -34.801

Type  : Slow Model Setup 'ts7300_usercore:usercore|pwm:PWM_4|slow_clk'
Slack : -5.241
TNS   : -31.857

Type  : Slow Model Setup 'ts7300_usercore:usercore|pwm:PWM_2|slow_clk'
Slack : -4.778
TNS   : -25.866

Type  : Slow Model Setup 'bd_oe_pad'
Slack : -0.816
TNS   : -1.324

Type  : Slow Model Setup 'start_cycle_pad'
Slack : 0.235
TNS   : 0.000

Type  : Slow Model Hold 'clkgencore|altpll_component|pll|clk[1]'
Slack : -3.588
TNS   : -16.339

Type  : Slow Model Hold 'start_cycle_pad'
Slack : 0.095
TNS   : 0.000

Type  : Slow Model Hold 'bd_oe_pad'
Slack : 0.499
TNS   : 0.000

Type  : Slow Model Hold 'ts7300_usercore:usercore|pwm:PWM_1|slow_clk'
Slack : 0.499
TNS   : 0.000

Type  : Slow Model Hold 'ts7300_usercore:usercore|pwm:PWM_2|slow_clk'
Slack : 0.499
TNS   : 0.000

Type  : Slow Model Hold 'ts7300_usercore:usercore|pwm:PWM_3|slow_clk'
Slack : 0.499
TNS   : 0.000

Type  : Slow Model Hold 'ts7300_usercore:usercore|pwm:PWM_4|slow_clk'
Slack : 0.499
TNS   : 0.000

Type  : Slow Model Recovery 'ts7300_usercore:usercore|pwm:PWM_4|slow_clk'
Slack : -3.758
TNS   : -3.758

Type  : Slow Model Recovery 'ts7300_usercore:usercore|pwm:PWM_3|slow_clk'
Slack : -3.725
TNS   : -3.725

Type  : Slow Model Recovery 'ts7300_usercore:usercore|pwm:PWM_1|slow_clk'
Slack : -3.424
TNS   : -3.424

Type  : Slow Model Recovery 'ts7300_usercore:usercore|pwm:PWM_2|slow_clk'
Slack : -2.405
TNS   : -2.405

Type  : Slow Model Recovery 'ep93xx_end_q'
Slack : -1.453
TNS   : -1.453

Type  : Slow Model Recovery 'start_cycle_pad'
Slack : 1.331
TNS   : 0.000

Type  : Slow Model Recovery 'bd_oe_pad'
Slack : 1.363
TNS   : 0.000

Type  : Slow Model Recovery 'clkgencore|altpll_component|pll|clk[1]'
Slack : 8.775
TNS   : 0.000

Type  : Slow Model Removal 'bd_oe_pad'
Slack : -1.129
TNS   : -2.258

Type  : Slow Model Removal 'start_cycle_pad'
Slack : -1.097
TNS   : -1.097

Type  : Slow Model Removal 'clkgencore|altpll_component|pll|clk[1]'
Slack : 1.361
TNS   : 0.000

Type  : Slow Model Removal 'ep93xx_end_q'
Slack : 1.687
TNS   : 0.000

Type  : Slow Model Removal 'ts7300_usercore:usercore|pwm:PWM_2|slow_clk'
Slack : 2.140
TNS   : 0.000

Type  : Slow Model Removal 'ts7300_usercore:usercore|pwm:PWM_1|slow_clk'
Slack : 3.159
TNS   : 0.000

Type  : Slow Model Removal 'ts7300_usercore:usercore|pwm:PWM_3|slow_clk'
Slack : 3.460
TNS   : 0.000

Type  : Slow Model Removal 'ts7300_usercore:usercore|pwm:PWM_4|slow_clk'
Slack : 3.493
TNS   : 0.000

Type  : Slow Model Minimum Pulse Width 'start_cycle_pad'
Slack : -1.941
TNS   : -39.041

Type  : Slow Model Minimum Pulse Width 'bd_oe_pad'
Slack : -1.941
TNS   : -4.909

Type  : Slow Model Minimum Pulse Width 'ts7300_usercore:usercore|pwm:PWM_1|slow_clk'
Slack : -0.742
TNS   : -13.356

Type  : Slow Model Minimum Pulse Width 'ts7300_usercore:usercore|pwm:PWM_2|slow_clk'
Slack : -0.742
TNS   : -13.356

Type  : Slow Model Minimum Pulse Width 'ts7300_usercore:usercore|pwm:PWM_3|slow_clk'
Slack : -0.742
TNS   : -13.356

Type  : Slow Model Minimum Pulse Width 'ts7300_usercore:usercore|pwm:PWM_4|slow_clk'
Slack : -0.742
TNS   : -13.356

Type  : Slow Model Minimum Pulse Width 'ep93xx_end_q'
Slack : -0.742
TNS   : -1.484

Type  : Slow Model Minimum Pulse Width 'clkgencore|altpll_component|pll|clk[1]'
Slack : 5.424
TNS   : 0.000

Type  : Slow Model Minimum Pulse Width 'clk_25mhz_pad'
Slack : 20.000
TNS   : 0.000

Type  : Fast Model Setup 'ts7300_usercore:usercore|pwm:PWM_3|slow_clk'
Slack : -2.150
TNS   : -15.070

Type  : Fast Model Setup 'ts7300_usercore:usercore|pwm:PWM_1|slow_clk'
Slack : -2.121
TNS   : -15.945

Type  : Fast Model Setup 'ts7300_usercore:usercore|pwm:PWM_4|slow_clk'
Slack : -2.114
TNS   : -15.042

Type  : Fast Model Setup 'ts7300_usercore:usercore|pwm:PWM_2|slow_clk'
Slack : -1.964
TNS   : -13.292

Type  : Fast Model Setup 'clkgencore|altpll_component|pll|clk[1]'
Slack : -1.877
TNS   : -267.557

Type  : Fast Model Setup 'bd_oe_pad'
Slack : 0.057
TNS   : 0.000

Type  : Fast Model Setup 'start_cycle_pad'
Slack : 0.665
TNS   : 0.000

Type  : Fast Model Hold 'clkgencore|altpll_component|pll|clk[1]'
Slack : -1.950
TNS   : -10.318

Type  : Fast Model Hold 'start_cycle_pad'
Slack : -0.438
TNS   : -0.438

Type  : Fast Model Hold 'bd_oe_pad'
Slack : 0.215
TNS   : 0.000

Type  : Fast Model Hold 'ts7300_usercore:usercore|pwm:PWM_1|slow_clk'
Slack : 0.215
TNS   : 0.000

Type  : Fast Model Hold 'ts7300_usercore:usercore|pwm:PWM_2|slow_clk'
Slack : 0.215
TNS   : 0.000

Type  : Fast Model Hold 'ts7300_usercore:usercore|pwm:PWM_3|slow_clk'
Slack : 0.215
TNS   : 0.000

Type  : Fast Model Hold 'ts7300_usercore:usercore|pwm:PWM_4|slow_clk'
Slack : 0.215
TNS   : 0.000

Type  : Fast Model Recovery 'ts7300_usercore:usercore|pwm:PWM_4|slow_clk'
Slack : -1.786
TNS   : -1.786

Type  : Fast Model Recovery 'ts7300_usercore:usercore|pwm:PWM_3|slow_clk'
Slack : -1.766
TNS   : -1.766

Type  : Fast Model Recovery 'ts7300_usercore:usercore|pwm:PWM_1|slow_clk'
Slack : -1.697
TNS   : -1.697

Type  : Fast Model Recovery 'ts7300_usercore:usercore|pwm:PWM_2|slow_clk'
Slack : -1.396
TNS   : -1.396

Type  : Fast Model Recovery 'ep93xx_end_q'
Slack : -0.336
TNS   : -0.336

Type  : Fast Model Recovery 'start_cycle_pad'
Slack : 1.198
TNS   : 0.000

Type  : Fast Model Recovery 'bd_oe_pad'
Slack : 1.213
TNS   : 0.000

Type  : Fast Model Recovery 'clkgencore|altpll_component|pll|clk[1]'
Slack : 11.714
TNS   : 0.000

Type  : Fast Model Removal 'bd_oe_pad'
Slack : -0.833
TNS   : -1.666

Type  : Fast Model Removal 'start_cycle_pad'
Slack : -0.818
TNS   : -0.818

Type  : Fast Model Removal 'clkgencore|altpll_component|pll|clk[1]'
Slack : 0.595
TNS   : 0.000

Type  : Fast Model Removal 'ep93xx_end_q'
Slack : 0.716
TNS   : 0.000

Type  : Fast Model Removal 'ts7300_usercore:usercore|pwm:PWM_2|slow_clk'
Slack : 1.277
TNS   : 0.000

Type  : Fast Model Removal 'ts7300_usercore:usercore|pwm:PWM_1|slow_clk'
Slack : 1.578
TNS   : 0.000

Type  : Fast Model Removal 'ts7300_usercore:usercore|pwm:PWM_3|slow_clk'
Slack : 1.647
TNS   : 0.000

Type  : Fast Model Removal 'ts7300_usercore:usercore|pwm:PWM_4|slow_clk'
Slack : 1.667
TNS   : 0.000

Type  : Fast Model Minimum Pulse Width 'start_cycle_pad'
Slack : -1.380
TNS   : -26.380

Type  : Fast Model Minimum Pulse Width 'bd_oe_pad'
Slack : -1.380
TNS   : -3.380

Type  : Fast Model Minimum Pulse Width 'ts7300_usercore:usercore|pwm:PWM_1|slow_clk'
Slack : -0.500
TNS   : -9.000

Type  : Fast Model Minimum Pulse Width 'ts7300_usercore:usercore|pwm:PWM_2|slow_clk'
Slack : -0.500
TNS   : -9.000

Type  : Fast Model Minimum Pulse Width 'ts7300_usercore:usercore|pwm:PWM_3|slow_clk'
Slack : -0.500
TNS   : -9.000

Type  : Fast Model Minimum Pulse Width 'ts7300_usercore:usercore|pwm:PWM_4|slow_clk'
Slack : -0.500
TNS   : -9.000

Type  : Fast Model Minimum Pulse Width 'ep93xx_end_q'
Slack : -0.500
TNS   : -1.000

Type  : Fast Model Minimum Pulse Width 'clkgencore|altpll_component|pll|clk[1]'
Slack : 5.666
TNS   : 0.000

Type  : Fast Model Minimum Pulse Width 'clk_25mhz_pad'
Slack : 20.000
TNS   : 0.000

------------------------------------------------------------
