------------------------------------------------------------
TimeQuest Timing Analyzer Summary
------------------------------------------------------------

Type  : Slow Model Setup 'clkgencore|altpll_component|pll|clk[1]'
Slack : -6.505
TNS   : -884.879

Type  : Slow Model Setup 'ts7300_usercore:usercore|pwm:PWM_2|slow_clk'
Slack : -5.122
TNS   : -31.618

Type  : Slow Model Setup 'ts7300_usercore:usercore|pwm:PWM_3|slow_clk'
Slack : -4.619
TNS   : -31.163

Type  : Slow Model Setup 'ts7300_usercore:usercore|pwm:PWM_4|slow_clk'
Slack : -4.589
TNS   : -34.357

Type  : Slow Model Setup 'ts7300_usercore:usercore|pwm:PWM_1|slow_clk'
Slack : -4.363
TNS   : -30.747

Type  : Slow Model Setup 'bd_oe_pad'
Slack : -0.823
TNS   : -1.333

Type  : Slow Model Setup 'start_cycle_pad'
Slack : 0.235
TNS   : 0.000

Type  : Slow Model Hold 'clkgencore|altpll_component|pll|clk[1]'
Slack : -3.588
TNS   : -16.388

Type  : Slow Model Hold 'start_cycle_pad'
Slack : -0.296
TNS   : -0.296

Type  : Slow Model Hold 'bd_oe_pad'
Slack : 0.499
TNS   : 0.000

Type  : Slow Model Hold 'ts7300_usercore:usercore|pwm:PWM_1|slow_clk'
Slack : 0.499
TNS   : 0.000

Type  : Slow Model Hold 'ts7300_usercore:usercore|pwm:PWM_2|slow_clk'
Slack : 0.499
TNS   : 0.000

Type  : Slow Model Hold 'ts7300_usercore:usercore|pwm:PWM_3|slow_clk'
Slack : 0.499
TNS   : 0.000

Type  : Slow Model Hold 'ts7300_usercore:usercore|pwm:PWM_4|slow_clk'
Slack : 0.499
TNS   : 0.000

Type  : Slow Model Recovery 'ts7300_usercore:usercore|pwm:PWM_4|slow_clk'
Slack : -3.814
TNS   : -3.814

Type  : Slow Model Recovery 'ts7300_usercore:usercore|pwm:PWM_2|slow_clk'
Slack : -3.736
TNS   : -3.736

Type  : Slow Model Recovery 'ts7300_usercore:usercore|pwm:PWM_3|slow_clk'
Slack : -3.097
TNS   : -3.097

Type  : Slow Model Recovery 'ts7300_usercore:usercore|pwm:PWM_1|slow_clk'
Slack : -3.007
TNS   : -3.007

Type  : Slow Model Recovery 'ep93xx_end_q'
Slack : -1.453
TNS   : -1.453

Type  : Slow Model Recovery 'start_cycle_pad'
Slack : 1.317
TNS   : 0.000

Type  : Slow Model Recovery 'bd_oe_pad'
Slack : 1.322
TNS   : 0.000

Type  : Slow Model Recovery 'clkgencore|altpll_component|pll|clk[1]'
Slack : 9.316
TNS   : 0.000

Type  : Slow Model Removal 'bd_oe_pad'
Slack : -1.088
TNS   : -2.176

Type  : Slow Model Removal 'start_cycle_pad'
Slack : -1.083
TNS   : -1.083

Type  : Slow Model Removal 'clkgencore|altpll_component|pll|clk[1]'
Slack : 1.351
TNS   : 0.000

Type  : Slow Model Removal 'ep93xx_end_q'
Slack : 1.687
TNS   : 0.000

Type  : Slow Model Removal 'ts7300_usercore:usercore|pwm:PWM_1|slow_clk'
Slack : 2.742
TNS   : 0.000

Type  : Slow Model Removal 'ts7300_usercore:usercore|pwm:PWM_3|slow_clk'
Slack : 2.832
TNS   : 0.000

Type  : Slow Model Removal 'ts7300_usercore:usercore|pwm:PWM_2|slow_clk'
Slack : 3.471
TNS   : 0.000

Type  : Slow Model Removal 'ts7300_usercore:usercore|pwm:PWM_4|slow_clk'
Slack : 3.549
TNS   : 0.000

Type  : Slow Model Minimum Pulse Width 'start_cycle_pad'
Slack : -1.941
TNS   : -39.041

Type  : Slow Model Minimum Pulse Width 'bd_oe_pad'
Slack : -1.941
TNS   : -4.909

Type  : Slow Model Minimum Pulse Width 'ts7300_usercore:usercore|pwm:PWM_1|slow_clk'
Slack : -0.742
TNS   : -13.356

Type  : Slow Model Minimum Pulse Width 'ts7300_usercore:usercore|pwm:PWM_2|slow_clk'
Slack : -0.742
TNS   : -13.356

Type  : Slow Model Minimum Pulse Width 'ts7300_usercore:usercore|pwm:PWM_3|slow_clk'
Slack : -0.742
TNS   : -13.356

Type  : Slow Model Minimum Pulse Width 'ts7300_usercore:usercore|pwm:PWM_4|slow_clk'
Slack : -0.742
TNS   : -13.356

Type  : Slow Model Minimum Pulse Width 'ep93xx_end_q'
Slack : -0.742
TNS   : -1.484

Type  : Slow Model Minimum Pulse Width 'clkgencore|altpll_component|pll|clk[1]'
Slack : 5.424
TNS   : 0.000

Type  : Slow Model Minimum Pulse Width 'clk_25mhz_pad'
Slack : 20.000
TNS   : 0.000

Type  : Fast Model Setup 'ts7300_usercore:usercore|pwm:PWM_2|slow_clk'
Slack : -2.043
TNS   : -14.931

Type  : Fast Model Setup 'ts7300_usercore:usercore|pwm:PWM_3|slow_clk'
Slack : -1.948
TNS   : -14.844

Type  : Fast Model Setup 'ts7300_usercore:usercore|pwm:PWM_4|slow_clk'
Slack : -1.935
TNS   : -15.831

Type  : Fast Model Setup 'ts7300_usercore:usercore|pwm:PWM_1|slow_clk'
Slack : -1.820
TNS   : -14.540

Type  : Fast Model Setup 'clkgencore|altpll_component|pll|clk[1]'
Slack : -1.819
TNS   : -253.712

Type  : Fast Model Setup 'bd_oe_pad'
Slack : 0.053
TNS   : 0.000

Type  : Fast Model Setup 'start_cycle_pad'
Slack : 0.665
TNS   : 0.000

Type  : Fast Model Hold 'clkgencore|altpll_component|pll|clk[1]'
Slack : -1.950
TNS   : -10.775

Type  : Fast Model Hold 'start_cycle_pad'
Slack : -0.530
TNS   : -0.530

Type  : Fast Model Hold 'bd_oe_pad'
Slack : 0.215
TNS   : 0.000

Type  : Fast Model Hold 'ts7300_usercore:usercore|pwm:PWM_1|slow_clk'
Slack : 0.215
TNS   : 0.000

Type  : Fast Model Hold 'ts7300_usercore:usercore|pwm:PWM_2|slow_clk'
Slack : 0.215
TNS   : 0.000

Type  : Fast Model Hold 'ts7300_usercore:usercore|pwm:PWM_3|slow_clk'
Slack : 0.215
TNS   : 0.000

Type  : Fast Model Hold 'ts7300_usercore:usercore|pwm:PWM_4|slow_clk'
Slack : 0.215
TNS   : 0.000

Type  : Fast Model Recovery 'ts7300_usercore:usercore|pwm:PWM_4|slow_clk'
Slack : -1.814
TNS   : -1.814

Type  : Fast Model Recovery 'ts7300_usercore:usercore|pwm:PWM_2|slow_clk'
Slack : -1.779
TNS   : -1.779

Type  : Fast Model Recovery 'ts7300_usercore:usercore|pwm:PWM_3|slow_clk'
Slack : -1.599
TNS   : -1.599

Type  : Fast Model Recovery 'ts7300_usercore:usercore|pwm:PWM_1|slow_clk'
Slack : -1.552
TNS   : -1.552

Type  : Fast Model Recovery 'ep93xx_end_q'
Slack : -0.336
TNS   : -0.336

Type  : Fast Model Recovery 'bd_oe_pad'
Slack : 1.207
TNS   : 0.000

Type  : Fast Model Recovery 'start_cycle_pad'
Slack : 1.207
TNS   : 0.000

Type  : Fast Model Recovery 'clkgencore|altpll_component|pll|clk[1]'
Slack : 11.756
TNS   : 0.000

Type  : Fast Model Removal 'bd_oe_pad'
Slack : -0.827
TNS   : -1.654

Type  : Fast Model Removal 'start_cycle_pad'
Slack : -0.827
TNS   : -0.827

Type  : Fast Model Removal 'clkgencore|altpll_component|pll|clk[1]'
Slack : 0.589
TNS   : 0.000

Type  : Fast Model Removal 'ep93xx_end_q'
Slack : 0.716
TNS   : 0.000

Type  : Fast Model Removal 'ts7300_usercore:usercore|pwm:PWM_1|slow_clk'
Slack : 1.433
TNS   : 0.000

Type  : Fast Model Removal 'ts7300_usercore:usercore|pwm:PWM_3|slow_clk'
Slack : 1.480
TNS   : 0.000

Type  : Fast Model Removal 'ts7300_usercore:usercore|pwm:PWM_2|slow_clk'
Slack : 1.660
TNS   : 0.000

Type  : Fast Model Removal 'ts7300_usercore:usercore|pwm:PWM_4|slow_clk'
Slack : 1.695
TNS   : 0.000

Type  : Fast Model Minimum Pulse Width 'start_cycle_pad'
Slack : -1.380
TNS   : -26.380

Type  : Fast Model Minimum Pulse Width 'bd_oe_pad'
Slack : -1.380
TNS   : -3.380

Type  : Fast Model Minimum Pulse Width 'ts7300_usercore:usercore|pwm:PWM_1|slow_clk'
Slack : -0.500
TNS   : -9.000

Type  : Fast Model Minimum Pulse Width 'ts7300_usercore:usercore|pwm:PWM_2|slow_clk'
Slack : -0.500
TNS   : -9.000

Type  : Fast Model Minimum Pulse Width 'ts7300_usercore:usercore|pwm:PWM_3|slow_clk'
Slack : -0.500
TNS   : -9.000

Type  : Fast Model Minimum Pulse Width 'ts7300_usercore:usercore|pwm:PWM_4|slow_clk'
Slack : -0.500
TNS   : -9.000

Type  : Fast Model Minimum Pulse Width 'ep93xx_end_q'
Slack : -0.500
TNS   : -1.000

Type  : Fast Model Minimum Pulse Width 'clkgencore|altpll_component|pll|clk[1]'
Slack : 5.666
TNS   : 0.000

Type  : Fast Model Minimum Pulse Width 'clk_25mhz_pad'
Slack : 20.000
TNS   : 0.000

------------------------------------------------------------
