Flow report for ts7300_top
Mon Apr 14 12:54:29 2014
Quartus II 64-Bit Version 12.1 Build 243 01/31/2013 Service Pack 1 SJ Web Edition


---------------------
; Table of Contents ;
---------------------
  1. Legal Notice
  2. Flow Summary
  3. Flow Settings
  4. Flow Non-Default Global Settings
  5. Flow Elapsed Time
  6. Flow OS Summary
  7. Flow Log



----------------
; Legal Notice ;
----------------
Copyright (C) 1991-2012 Altera Corporation
Your use of Altera Corporation's design tools, logic functions 
and other software and tools, and its AMPP partner logic 
functions, and any output files from any of the foregoing 
(including device programming or simulation files), and any 
associated documentation or information are expressly subject 
to the terms and conditions of the Altera Program License 
Subscription Agreement, Altera MegaCore Function License 
Agreement, or other applicable license agreement, including, 
without limitation, that your use is for the sole purpose of 
programming logic devices manufactured by Altera and sold by 
Altera or its authorized distributors.  Please refer to the 
applicable agreement for further details.



+------------------------------------------------------------------------------------+
; Flow Summary                                                                       ;
+------------------------------------+-----------------------------------------------+
; Flow Status                        ; Successful - Mon Apr 14 12:54:29 2014         ;
; Quartus II 64-Bit Version          ; 12.1 Build 243 01/31/2013 SP 1 SJ Web Edition ;
; Revision Name                      ; ts7300_top                                    ;
; Top-level Entity Name              ; ts7300_top                                    ;
; Family                             ; Cyclone II                                    ;
; Device                             ; EP2C8Q208C8                                   ;
; Timing Models                      ; Final                                         ;
; Total logic elements               ; 401 / 8,256 ( 5 % )                           ;
;     Total combinational functions  ; 308 / 8,256 ( 4 % )                           ;
;     Dedicated logic registers      ; 318 / 8,256 ( 4 % )                           ;
; Total registers                    ; 318                                           ;
; Total pins                         ; 138 / 138 ( 100 % )                           ;
; Total virtual pins                 ; 0                                             ;
; Total memory bits                  ; 0 / 165,888 ( 0 % )                           ;
; Embedded Multiplier 9-bit elements ; 0 / 36 ( 0 % )                                ;
; Total PLLs                         ; 1 / 2 ( 50 % )                                ;
+------------------------------------+-----------------------------------------------+


+-----------------------------------------+
; Flow Settings                           ;
+-------------------+---------------------+
; Option            ; Setting             ;
+-------------------+---------------------+
; Start date & time ; 04/14/2014 12:53:18 ;
; Main task         ; Compilation         ;
; Revision Name     ; ts7300_top          ;
+-------------------+---------------------+


+-----------------------------------------------------------------------------------------------------------------------------+
; Flow Non-Default Global Settings                                                                                            ;
+-----------------------------------------------+------------------------------+---------------+-------------+----------------+
; Assignment Name                               ; Value                        ; Default Value ; Entity Name ; Section Id     ;
+-----------------------------------------------+------------------------------+---------------+-------------+----------------+
; ADV_NETLIST_OPT_SYNTH_WYSIWYG_REMAP           ; On                           ; Off           ; --          ; --             ;
; ALLOW_ANY_RAM_SIZE_FOR_RECOGNITION            ; On                           ; Off           ; --          ; --             ;
; ALLOW_ANY_ROM_SIZE_FOR_RECOGNITION            ; On                           ; Off           ; --          ; --             ;
; ALLOW_ANY_SHIFT_REGISTER_SIZE_FOR_RECOGNITION ; On                           ; Off           ; --          ; --             ;
; AUTO_PACKED_REGISTERS_STRATIXII               ; Minimize Area with Chains    ; Auto          ; --          ; --             ;
; COMPILER_SIGNATURE_ID                         ; 166312771385.139747639703921 ; --            ; --          ; --             ;
; CYCLONEII_OPTIMIZATION_TECHNIQUE              ; Area                         ; Balanced      ; --          ; --             ;
; EDA_OUTPUT_DATA_FORMAT                        ; Verilog                      ; --            ; --          ; eda_simulation ;
; EDA_SIMULATION_TOOL                           ; ModelSim-Altera (Verilog)    ; <None>        ; --          ; --             ;
; EDA_TIME_SCALE                                ; 1 ps                         ; --            ; --          ; eda_simulation ;
; MUX_RESTRUCTURE                               ; On                           ; Auto          ; --          ; --             ;
; PARTITION_COLOR                               ; 16764057                     ; --            ; --          ; Top            ;
; PARTITION_FITTER_PRESERVATION_LEVEL           ; PLACEMENT_AND_ROUTING        ; --            ; --          ; Top            ;
; PARTITION_NETLIST_TYPE                        ; SOURCE                       ; --            ; --          ; Top            ;
; REMOVE_REDUNDANT_LOGIC_CELLS                  ; On                           ; Off           ; --          ; --             ;
; SEARCH_PATH                                   ; ethernet/                    ; --            ; --          ; --             ;
; STATE_MACHINE_PROCESSING                      ; Minimal Bits                 ; Auto          ; --          ; --             ;
+-----------------------------------------------+------------------------------+---------------+-------------+----------------+


+-------------------------------------------------------------------------------------------------------------------------------+
; Flow Elapsed Time                                                                                                             ;
+---------------------------+--------------+-------------------------+---------------------+------------------------------------+
; Module Name               ; Elapsed Time ; Average Processors Used ; Peak Virtual Memory ; Total CPU Time (on all processors) ;
+---------------------------+--------------+-------------------------+---------------------+------------------------------------+
; Analysis & Synthesis      ; 00:00:05     ; 1.0                     ; 640 MB              ; 00:00:05                           ;
; Fitter                    ; 00:00:25     ; 1.0                     ; 595 MB              ; 00:00:12                           ;
; Assembler                 ; 00:00:03     ; 1.0                     ; 537 MB              ; 00:00:02                           ;
; TimeQuest Timing Analyzer ; 00:00:04     ; 1.0                     ; 496 MB              ; 00:00:03                           ;
; EDA Netlist Writer        ; 00:00:02     ; 1.0                     ; 772 MB              ; 00:00:02                           ;
; Total                     ; 00:00:39     ; --                      ; --                  ; 00:00:24                           ;
+---------------------------+--------------+-------------------------+---------------------+------------------------------------+


+---------------------------------------------------------------------------------------------+
; Flow OS Summary                                                                             ;
+---------------------------+------------------+----------------+------------+----------------+
; Module Name               ; Machine Hostname ; OS Name        ; OS Version ; Processor type ;
+---------------------------+------------------+----------------+------------+----------------+
; Analysis & Synthesis      ; ubuntu           ; Ubuntu 12.04.4 ; 12         ; x86_64         ;
; Fitter                    ; ubuntu           ; Ubuntu 12.04.4 ; 12         ; x86_64         ;
; Assembler                 ; ubuntu           ; Ubuntu 12.04.4 ; 12         ; x86_64         ;
; TimeQuest Timing Analyzer ; ubuntu           ; Ubuntu 12.04.4 ; 12         ; x86_64         ;
; EDA Netlist Writer        ; ubuntu           ; Ubuntu 12.04.4 ; 12         ; x86_64         ;
+---------------------------+------------------+----------------+------------+----------------+


------------
; Flow Log ;
------------
quartus_map --read_settings_files=on --write_settings_files=off ts7300_opencore -c ts7300_top
quartus_fit --read_settings_files=off --write_settings_files=off ts7300_opencore -c ts7300_top
quartus_asm --read_settings_files=off --write_settings_files=off ts7300_opencore -c ts7300_top
quartus_sta ts7300_opencore -c ts7300_top
quartus_eda --read_settings_files=off --write_settings_files=off ts7300_opencore -c ts7300_top



